<testsuites id="" name="" tests="6" failures="0" skipped="0" errors="0" time="7.575613999992609">
<testsuite name="netlifyApp.spec.js" timestamp="2024-12-05T12:44:32.482Z" hostname="e2e" tests="6" failures="0" skipped="0" time="6.523" errors="0">
<testcase name="Netlify App Functional Features Validation › Test Case 1: Verify &quot;Implement user authentication&quot; is in the &quot;To Do&quot; column" classname="netlifyApp.spec.js" time="1.53">
</testcase>
<testcase name="Netlify App Functional Features Validation › Test Case 2: Verify &quot;Fix navigation bug&quot; is in the &quot;To Do&quot; column" classname="netlifyApp.spec.js" time="0.995">
</testcase>
<testcase name="Netlify App Functional Features Validation › Test Case 3: Verify &quot;Design system updates&quot; is in the &quot;In Progress&quot; column" classname="netlifyApp.spec.js" time="1.016">
</testcase>
<testcase name="Netlify App Functional Features Validation › Test Case 4: Verify &quot;Push notification system&quot; is in the &quot;To Do&quot; column" classname="netlifyApp.spec.js" time="0.98">
</testcase>
<testcase name="Netlify App Functional Features Validation › Test Case 5: Verify &quot;Offline mode&quot; is in the &quot;In Progress&quot; column" classname="netlifyApp.spec.js" time="1.016">
</testcase>
<testcase name="Netlify App Functional Features Validation › Test Case 6: Verify &quot;App icon design&quot; is in the &quot;Done&quot; column" classname="netlifyApp.spec.js" time="0.986">
</testcase>
</testsuite>
</testsuites>